ec
accents
achicago
algorithm
algorithm2e
amstext
array
babel
bm
booktabs
breakurl
calc
cancel
color
csquotes
dvipost
endnotes
enumitem
esint
eso-pic
fancybox
fancyhdr
filehook
fixltx2e
fix-cm
float
fontspec
framed
geometry
graphicx
hhline
hyperref
hyphenat
iftex
ifthen
lettrine
listings
longtable
mathdots
mathrsfs
mathtools
mhchem
mslapa
multirow
natbib
nicefrac
nomencl
pdfcolmk
pdfcomment
pdfpages
prettyref
preview
refstyle
rotating
rotfloat
sectionbox
serbianc
setspace
slashed
soul
splitidx
stackrel
subfig
subscript
tcolorbox
textcomp
ulem
units
url
varioref
wrapfig
xargs
xcolor
xkeyval
braket
cancel
caption
colortbl
diagbox
etoolbox
eurosym
fp
makecmds
marginnote
picinpar
pict2e
sidecap
upgreek
psnfss
avant
bookman
chancery
charter
courier
helvet
mathpazo
mathpple
mathptm
mathptmx
newcent
pifont
utopia
ae
fontaxes
lmodern
binhex
symbol
tgadventor
tgbonum
tgchorus
tgcursor
tgheros
tgpagella
tgschola
tgtermes
tipa
tipx
tone
txfonts
marvosym
pmboxdraw
textgreek
wasy
wasysym
enumitem
shapepar
natbib
bicaption
endnotes
noweb
sectionbox
endnotes
fancyvrb
multicol
algorithm2e
tcolorbox
rsphrase
fancyhdr
natbib
